Microchip MPLAB XC8 Compiler V2.10 ()

Linker command line:

-W-3 --edf=C:\Program Files (x86)\Microchip\xc8\v2.10\pic\dat\en_msgs.txt \
  -cs -h+dist/default/production\Laboratorio_2.X.production.sym \
  --cmf=dist/default/production\Laboratorio_2.X.production.cmf -z -Q16F887 \
  -oC:\Users\TOSHIBA\AppData\Local\Temp\suq4.2 --defsym=__MPLAB_BUILD=1 \
  -Mdist/default/production/Laboratorio_2.X.production.map -E1 -ver=XC8 \
  --acfsm=1493 -ASTACK=0110h-016Fh -pstack=STACK -ACODE=00h-07FFhx4 \
  -ASTRCODE=00h-01FFFh -ASTRING=00h-0FFhx32 -ACONST=00h-0FFhx32 \
  -AENTRY=00h-0FFhx32 -ACOMMON=070h-07Fh -ABANK0=020h-06Fh \
  -ABANK1=0A0h-0EFh -ABANK2=0110h-016Fh -ABANK3=0190h-01EFh \
  -ARAM=020h-06Fh,0A0h-0EFh,0110h-016Fh,0190h-01EFh \
  -AABS1=020h-07Fh,0A0h-0EFh,0110h-016Fh,0190h-01EFh -ASFR0=00h-01Fh \
  -ASFR1=080h-09Fh -ASFR2=0100h-010Fh -ASFR3=0180h-018Fh \
  -preset_vec=00h,intentry=04h,init,end_init -ppowerup=CODE -pcinit=CODE \
  -pfunctab=ENTRY -ACONFIG=02007h-02008h -pconfig=CONFIG -DCONFIG=2 \
  -AIDLOC=02000h-02003h -pidloc=IDLOC -DIDLOC=2 -AEEDATA=00h-0FFh/02100h \
  -peeprom_data=EEDATA -DEEDATA=2 -DCODE=2 -DSTRCODE=2 -DSTRING=2 -DCONST=2 \
  -DENTRY=2 -k C:\Users\TOSHIBA\AppData\Local\Temp\suq4.o \
  dist/default/production\Laboratorio_2.X.production.o 

Object code version is 3.11

Machine type is 16F887



                Name                               Link     Load   Length Selector   Space Scale
C:\Users\TOSHIBA\AppData\Local\Temp\suq4.o
                end_init                              C        C        3        8       0
                reset_vec                             0        0        3        0       0
dist/default/production\Laboratorio_2.X.production.o
                cinit                                 F        F       1C        8       0
                intentry                              4        4        8        8       0
                text2                                82       82       2A        8       0
                text1                                DF       DF       13        8       0
                maintext                             2B       2B       57        8       0
                cstackCOMMON                         7A       7A        3       70       1
                inittext                             CC       CC       13        8       0
                dataBANK0                            20       20       20       20       1
                bssCOMMON                            70       70        A       70       1
                idataBANK0                           AC       AC       20        8       0

TOTAL           Name                               Link     Load   Length     Space
        CLASS   STACK          

        CLASS   CODE           
                end_init                              C        C        3         0
                cinit                                 F        F       1C         0
                intentry                              4        4        8         0
                reset_vec                             0        0        3         0
                text2                                82       82       2A         0
                text1                                DF       DF       13         0
                maintext                             2B       2B       57         0
                inittext                             CC       CC       13         0
                idataBANK0                           AC       AC       20         0

        CLASS   STRCODE        

        CLASS   STRING         

        CLASS   CONST          

        CLASS   ENTRY          

        CLASS   COMMON         
                cstackCOMMON                         7A       7A        3         1
                bssCOMMON                            70       70        A         1

        CLASS   BANK0          
                dataBANK0                            20       20       20         1

        CLASS   BANK1          

        CLASS   BANK2          

        CLASS   BANK3          

        CLASS   RAM            

        CLASS   ABS1           
                abs_s1                               7E       7E        2         1

        CLASS   SFR0           

        CLASS   SFR1           

        CLASS   SFR2           

        CLASS   SFR3           

        CLASS   CONFIG         

        CLASS   IDLOC          

        CLASS   EEDATA         



SEGMENTS        Name                           Load    Length   Top    Selector   Space  Class     Delta

                reset_vec                      000000  000003  000003         0       0  CODE        2
                intentry                       000004  0000EE  0000F2         8       0  CODE        2
                dataBANK0                      000020  000020  000040        20       1  BANK0       1
                bssCOMMON                      000070  00000D  00007D        70       1  COMMON      1


UNUSED ADDRESS RANGES

        Name                Unused          Largest block    Delta
        BANK0            040-06F            30           1
        BANK1            0A0-0EF            50           1
        BANK2            110-16F            60           1
        BANK3            190-1EF            60           1
        CODE             003-003             1           2
                         0F2-1FFF           800
        COMMON           07D-07D             1           1
        CONFIG           2007-2008             2           2
        CONST            003-003             1           2
                         0F2-1FFF           100
        EEDATA           2100-21FF           100           2
        ENTRY            003-003             1           2
                         0F2-1FFF           100
        IDLOC            2000-2003             4           2
        RAM              040-06F            30           1
                         0A0-0EF            50
                         110-16F            60
                         190-1EF            60
        SFR0             000-01F            20           1
        SFR1             080-09F            20           1
        SFR2             100-10F            10           1
        SFR3             180-18F            10           1
        STACK            110-16F            60           1
        STRCODE          003-003             1           2
                         0F2-1FFF          1F0E
        STRING           003-003             1           2
                         0F2-1FFF           100

                                  Symbol Table

_ADCON0bits              (abs)        01F
_ADRESH                  (abs)        01E
_ANSEL                   (abs)        188
_ANSELH                  (abs)        189
_AR1                     bssCOMMON    074
_AR2                     bssCOMMON    072
_CONT_BIN                bssCOMMON    076
_INTCONbits              (abs)        00B
_ISR                     text2        082
_PIR1bits                (abs)        00C
_PORTA                   (abs)        005
_PORTAbits               (abs)        005
_PORTB                   (abs)        006
_PORTBbits               (abs)        006
_PORTC                   (abs)        007
_PORTD                   (abs)        008
_TRISA                   (abs)        085
_TRISB                   (abs)        086
_TRISC                   (abs)        087
_TRISD                   (abs)        088
__Habs1                  abs1         000
__Hbank0                 bank0        000
__Hbank1                 bank1        000
__Hbank2                 bank2        000
__Hbank3                 bank3        000
__HbssCOMMON             bssCOMMON    000
__Hcinit                 cinit        02B
__Hclrtext               clrtext      000
__Hcode                  code         000
__Hcommon                common       000
__Hconfig                config       000
__HcstackCOMMON          cstackCOMMON 000
__HdataBANK0             dataBANK0    000
__Heeprom_data           eeprom_data  000
__Hend_init              end_init     00F
__Hfunctab               functab      000
__HidataBANK0            idataBANK0   000
__Hidloc                 idloc        000
__Hinit                  init         00C
__Hinittext              inittext     000
__Hintentry              intentry     00C
__Hmaintext              maintext     000
__Hpowerup               powerup      000
__Hram                   ram          000
__Hreset_vec             reset_vec    003
__Hsfr0                  sfr0         000
__Hsfr1                  sfr1         000
__Hsfr2                  sfr2         000
__Hsfr3                  sfr3         000
__Hspace_0               (abs)        0F2
__Hspace_1               (abs)        07D
__Hspace_2               (abs)        000
__Hspace_3               (abs)        000
__Hstack                 stack        000
__Hstrings               strings      000
__Htext                  text         000
__Labs1                  abs1         000
__Lbank0                 bank0        000
__Lbank1                 bank1        000
__Lbank2                 bank2        000
__Lbank3                 bank3        000
__LbssCOMMON             bssCOMMON    000
__Lcinit                 cinit        00F
__Lclrtext               clrtext      000
__Lcode                  code         000
__Lcommon                common       000
__Lconfig                config       000
__LcstackCOMMON          cstackCOMMON 000
__LdataBANK0             dataBANK0    000
__Leeprom_data           eeprom_data  000
__Lend_init              end_init     00C
__Lfunctab               functab      000
__LidataBANK0            idataBANK0   000
__Lidloc                 idloc        000
__Linit                  init         00C
__Linittext              inittext     000
__Lintentry              intentry     004
__Lmaintext              maintext     000
__Lpowerup               powerup      000
__Lram                   ram          000
__Lreset_vec             reset_vec    000
__Lsfr0                  sfr0         000
__Lsfr1                  sfr1         000
__Lsfr2                  sfr2         000
__Lsfr3                  sfr3         000
__Lspace_0               (abs)        000
__Lspace_1               (abs)        000
__Lspace_2               (abs)        000
__Lspace_3               (abs)        000
__Lstack                 stack        000
__Lstrings               strings      000
__Ltext                  text         000
__S0                     (abs)        0F2
__S1                     (abs)        07D
__S2                     (abs)        000
__S3                     (abs)        000
___int_sp                stack        000
___latbits               (abs)        002
___sp                    stack        000
___stackhi               (abs)        000
___stacklo               (abs)        000
__end_of_ISR             text2        0AC
__end_of__initialization cinit        027
__end_of_main            maintext     082
__end_of_setup           text1        0F2
__initialization         cinit        00F
__pbssCOMMON             bssCOMMON    070
__pcstackCOMMON          cstackCOMMON 07A
__pdataBANK0             dataBANK0    020
__pidataBANK0            idataBANK0   0AC
__pintentry              intentry     004
__pmaintext              maintext     02B
__ptext1                 text1        0DF
__ptext2                 text2        082
__size_of_ISR            (abs)        000
__size_of_main           (abs)        000
__size_of_setup          (abs)        000
_main                    maintext     02B
_setup                   text1        0DF
btemp                    (abs)        07E
end_of_initialization    cinit        027
init_fetch0              inittext     0CC
init_ram0                inittext     0D0
interrupt_function       intentry     004
intlevel0                functab      000
intlevel1                functab      000
intlevel2                functab      000
intlevel3                functab      000
intlevel4                functab      000
intlevel5                functab      000
reset_vec                reset_vec    000
saved_w                  (abs)        07E
start                    init         00C
start_initialization     cinit        00F
wtemp0                   (abs)        07E


FUNCTION INFORMATION:

 *************** function _main *****************
 Defined at:
		line 52 in file "Lab22.c"
 Parameters:    Size  Location     Type
		None
 Auto vars:     Size  Location     Type
		None
 Return value:  Size  Location     Type
                  1    wreg      void 
 Registers used:
		wreg, status,2, status,0, pclath, cstack
 Tracked objects:
		On entry : 
		On exit  : 
		Unchanged: 
 Data sizes:     COMMON   BANK0   BANK1   BANK3   BANK2
      Params:         0       0       0       0       0
      Locals:         0       0       0       0       0
      Temps:          1       0       0       0       0
      Totals:         1       0       0       0       0
Total ram usage:        1 bytes
 Hardware stack levels required when called:    2
 This function calls:
		_setup
 This function is called by:
		Startup code after reset
 This function uses a non-reentrant model


 *************** function _setup *****************
 Defined at:
		line 22 in file "Lab22.c"
 Parameters:    Size  Location     Type
		None
 Auto vars:     Size  Location     Type
		None
 Return value:  Size  Location     Type
                  1    wreg      void 
 Registers used:
		wreg, status,2
 Tracked objects:
		On entry : 
		On exit  : 
		Unchanged: 
 Data sizes:     COMMON   BANK0   BANK1   BANK3   BANK2
      Params:         0       0       0       0       0
      Locals:         0       0       0       0       0
      Temps:          0       0       0       0       0
      Totals:         0       0       0       0       0
Total ram usage:        0 bytes
 Hardware stack levels used:    1
 Hardware stack levels required when called:    1
 This function calls:
		Nothing
 This function is called by:
		_main
 This function uses a non-reentrant model


 *************** function _ISR *****************
 Defined at:
		line 36 in file "Lab22.c"
 Parameters:    Size  Location     Type
		None
 Auto vars:     Size  Location     Type
		None
 Return value:  Size  Location     Type
                  1    wreg      void 
 Registers used:
		wreg
 Tracked objects:
		On entry : 
		On exit  : 
		Unchanged: 
 Data sizes:     COMMON   BANK0   BANK1   BANK3   BANK2
      Params:         0       0       0       0       0
      Locals:         0       0       0       0       0
      Temps:          2       0       0       0       0
      Totals:         2       0       0       0       0
Total ram usage:        2 bytes
 Hardware stack levels used:    1
 This function calls:
		Nothing
 This function is called by:
		Interrupt level 1
 This function uses a non-reentrant model



MODULE INFORMATION

Module		Function		Class		Link	Load	Size
shared
		__initialization		CODE           	000F	0000	25

shared estimated size: 25

Lab22.c
		_ISR           		CODE           	0082	0000	43
		_main          		CODE           	002B	0000	88
		_setup         		CODE           	00DF	0000	20

Lab22.c estimated size: 151

